// Jest Snapshot v1, https://goo.gl/fbAQLP

exports[`Credit Card App renders the application 1`] = `
<View
  style={Object {}}
>
  <View
    style={
      Object {
        "padding": 20,
      }
    }
  >
    <View
      style={
        Object {
          "backgroundColor": "green",
          "borderRadius": 15,
          "height": 200,
          "width": 710,
        }
      }
    >
      <View
        style={
          Object {
            "flex": 1,
            "flexDirection": "row",
            "justifyContent": "space-between",
            "margin": 10,
          }
        }
      >
        <Text
          style={
            Object {
              "color": "white",
            }
          }
        >
          Some Icon
        </Text>
        <Text
          style={
            Object {
              "color": "white",
            }
          }
        >
          Bank Logo
        </Text>
      </View>
      <View
        style={
          Object {
            "flex": 1,
            "flexDirection": "row",
            "justifyContent": "center",
          }
        }
      >
        <Text
          style={
            Object {
              "alignSelf": "center",
              "color": "white",
            }
          }
        >
          5500 4000 1233 1233
        </Text>
      </View>
      <View
        style={
          Object {
            "flex": 1,
            "flexDirection": "row",
            "justifyContent": "space-between",
          }
        }
      >
        <Text
          style={
            Object {
              "color": "white",
            }
          }
        >
          Card Holder
        </Text>
        <Text
          style={
            Object {
              "color": "white",
            }
          }
        >
          Expires
        </Text>
      </View>
      <View
        style={
          Object {
            "flexDirection": "row",
            "justifyContent": "space-between",
          }
        }
      >
        <Text
          style={
            Object {
              "color": "white",
            }
          }
        >
          John Wick
        </Text>
        <Text
          style={
            Object {
              "color": "white",
            }
          }
        >
          13/12
        </Text>
      </View>
    </View>
  </View>
  <View
    style={
      Object {
        "backgroundColor": "white",
        "borderColor": "gray",
        "borderRadius": 12,
        "borderWidth": 1,
        "elevation": 4,
        "height": 400,
        "margin": 10,
        "position": "absolute",
        "top": 150,
        "width": 730,
        "zIndex": 0,
      }
    }
  />
</View>
`;
